Logging in...
Logged in successfully. User ID: 69710c3523194d41f468072b
Creating Test Group...
Created Group Chat with ID: 69c230e60ff79c5a30d579c7

================ PART 1 & 5: TASK EXTRACTION ==============
Sending (English): "Submit the report tomorrow at 5pm"
node : Test execution 
failed: TypeError: 
res.data.filter is not 
a function
At line:1 char:1
+ node 
test_extractor.js > 
test_log.txt 2>&1
+ ~~~~~~~~~~~~~~~~~~~~~
~~~~~~~~~~~~~~~~~~~~~
    + CategoryInfo     
         : NotSpecifi  
  ed: (Test executio   
 n ... not a functi    
on:String) [], Rem    
oteException
    + FullyQualifiedEr 
   rorId : NativeComm  
  andError
 
    at getDeadlines (D:
\Downloads\mern-chat-ap
p\test_extractor.js:119
:19)
    at process.processT
icksAndRejections (node
:internal/process/task_
queues:105:5)
    at async runTests (
D:\Downloads\mern-chat-
app\test_extractor.js:1
48:25)
